func transform() {
	var target *UnionUserType
	var name string
	switch source.Value.(type) {
	case UnionMapMap0:
		name = "UnionMapMap0"
	}
	target = &UnionUserType{
		Type:  name,
		Value: source.Value,
	}
}
