func transform() {
	var target *UnionSomeType
	switch source.Type {
	case "SomeType":
		val := source.Value.(*SomeType)
		target = &UnionSomeType{Value: val}
	}
}
