{"openapi":"3.0.3","info":{"title":"Goa API","version":"1.0"},"servers":[{"url":"http://localhost:80","description":"Default server for test api"}],"paths":{"/{path}":{"post":{"tags":["testService"],"summary":"testEndpoint testService","operationId":"testService#testEndpoint","parameters":[{"name":"path","in":"path","required":true,"schema":{"type":"string","example":"foo"},"example":"foo"},{"name":"header","in":"header","allowEmptyValue":true,"schema":{"type":"string","example":"bar"},"example":"bar"}],"responses":{"200":{"description":"OK response.","headers":{"Location":{"required":true,"schema":{"type":"string","example":"{\"body\":\"bar\"}","format":"binary"},"example":"{\"body\":\"bar\"}"}}}}}}},"components":{"schemas":{"Payload":{"type":"object","properties":{"header":{"type":"string","example":"bar"},"path":{"type":"string","example":"foo"}},"example":{"header":"bar","path":"foo"}}}},"tags":[{"name":"testService"}]}