openapi: 3.0.3
info:
  title: Goa API
  version: "1.0"
servers:
- url: http://localhost:80
  description: Default server for test api
paths:
  /:
    post:
      tags:
      - testService
      summary: testEndpoint testService
      operationId: testService#testEndpoint
      requestBody:
        required: true
        content:
          application/json:
            schema:
              type: string
              example: '{"foo":"bar"}'
              format: binary
            example: '{"foo":"bar"}'
      responses:
        "200":
          description: OK response.
          content:
            application/json:
              schema:
                type: string
                example: '{"foo":"bar"}'
                format: binary
              example: '{"foo":"bar"}'
components: {}
tags:
- name: testService
